OK sub-1_task-categorySL1_eeg.json 481 md5+sha-256 verified
OK README.md 3668 md5+sha-256 verified
OK allContacts_MNIcoords.csv 29069 md5+sha-256 verified
OK sub-1_task-exemplarSL1_channels.tsv 16786 md5+sha-256 verified
OK sub-1_task-categorySL1_channels.tsv 16786 md5+sha-256 verified
OK sub-1_task-exemplarSL1_eeg.json 481 md5+sha-256 verified
OK sub-1_task-random1_eeg.json 477 md5+sha-256 verified
OK sub-1_task-random1_channels.tsv 16786 md5+sha-256 verified
OK sub-2_task-categorySL1_eeg.json 481 md5+sha-256 verified
OK sub-2_task-categorySL1_channels.tsv 16811 md5+sha-256 verified
OK sub-2_task-exemplarSL1_channels.tsv 16811 md5+sha-256 verified
OK sub-2_task-exemplarSL1_eeg.json 481 md5+sha-256 verified
OK sub-2_task-random1_channels.tsv 16811 md5+sha-256 verified
OK sub-1_task-exemplarSL1_eeg.edf 316397824 md5+sha-256 verified
OK sub-2_task-random1_eeg.json 477 md5+sha-256 verified
OK sub-3_task-categorySL1_channels.tsv 16789 md5+sha-256 verified
OK sub-1_task-categorySL1_eeg.edf 345649408 md5+sha-256 verified
OK sub-3_task-categorySL1_eeg.json 481 md5+sha-256 verified
OK sub-3_task-categorySL1_events.tsv 92 md5+sha-256 verified
OK sub-3_task-categorySL2_channels.tsv 16789 md5+sha-256 verified
OK sub-2_task-categorySL1_eeg.edf 403057408 md5+sha-256 verified
OK sub-3_task-categorySL2_eeg.json 481 md5+sha-256 verified
OK sub-3_task-categorySL2_events.tsv 92 md5+sha-256 verified
OK sub-3_task-exemplarSL1_channels.tsv 16789 md5+sha-256 verified
OK sub-1_task-random1_eeg.edf 316397824 md5+sha-256 verified
OK sub-3_task-exemplarSL1_eeg.json 481 md5+sha-256 verified
OK sub-3_task-exemplarSL1_events.tsv 84 md5+sha-256 verified
OK sub-3_task-random1_channels.tsv 16789 md5+sha-256 verified
OK sub-2_task-random1_eeg.edf 359427328 md5+sha-256 verified
OK sub-3_task-random1_eeg.json 477 md5+sha-256 verified
OK sub-3_task-random1_events.tsv 83 md5+sha-256 verified
OK sub-4_task-categorySL1_channels.tsv 9151 md5+sha-256 verified
OK sub-3_task-exemplarSL1_eeg.edf 317830720 md5+sha-256 verified
OK sub-4_task-categorySL1_eeg.json 481 md5+sha-256 verified
OK sub-4_task-categorySL2_channels.tsv 9151 md5+sha-256 verified
OK sub-3_task-categorySL2_eeg.edf 295082912 md5+sha-256 verified
OK sub-4_task-categorySL2_eeg.json 481 md5+sha-256 verified
OK sub-4_task-exemplarSL1_channels.tsv 9151 md5+sha-256 verified
OK sub-2_task-exemplarSL1_eeg.edf 590189824 md5+sha-256 verified
OK sub-4_task-exemplarSL1_eeg.json 481 md5+sha-256 verified
OK sub-4_task-random1_channels.tsv 9151 md5+sha-256 verified
OK sub-3_task-categorySL1_eeg.edf 363290848 md5+sha-256 verified
OK sub-4_task-random1_eeg.json 477 md5+sha-256 verified
OK sub-5_task-categorySL1_channels.tsv 16907 md5+sha-256 verified
OK sub-4_task-categorySL1_eeg.edf 193342720 md5+sha-256 verified
OK sub-4_task-exemplarSL1_eeg.edf 163145984 md5+sha-256 verified
OK sub-5_task-categorySL1_eeg.json 481 md5+sha-256 verified
OK sub-5_task-categorySL2_channels.tsv 16907 md5+sha-256 verified
OK sub-5_task-categorySL2_eeg.json 481 md5+sha-256 verified
OK sub-5_task-exemplarSL1_channels.tsv 16907 md5+sha-256 verified
OK sub-4_task-categorySL2_eeg.edf 152802560 md5+sha-256 verified
OK sub-5_task-exemplarSL1_eeg.json 481 md5+sha-256 verified
OK sub-5_task-random1_channels.tsv 16907 md5+sha-256 verified
OK sub-3_task-random1_eeg.edf 295650720 md5+sha-256 verified
OK sub-5_task-random1_eeg.json 477 md5+sha-256 verified
OK sub-6_task-categorySL1_channels.tsv 16831 md5+sha-256 verified
OK sub-4_task-random1_eeg.edf 172921088 md5+sha-256 verified
OK sub-6_task-categorySL1_eeg.json 481 md5+sha-256 verified
OK sub-6_task-categorySL2_channels.tsv 16831 md5+sha-256 verified
OK sub-5_task-categorySL2_eeg.edf 289901824 md5+sha-256 verified
OK sub-6_task-categorySL2_eeg.json 481 md5+sha-256 verified
OK sub-6_task-exemplarSL1_channels.tsv 16831 md5+sha-256 verified
OK sub-5_task-categorySL1_eeg.edf 325759744 md5+sha-256 verified
OK sub-6_task-exemplarSL1_eeg.json 481 md5+sha-256 verified
OK sub-6_task-random1_channels.tsv 16831 md5+sha-256 verified
OK sub-6_task-categorySL2_eeg.edf 326324992 md5+sha-256 verified
OK sub-6_task-random1_eeg.json 477 md5+sha-256 verified
OK sub-7_task-categorySL1_channels.tsv 16899 md5+sha-256 verified
OK sub-6_task-categorySL1_eeg.edf 325759744 md5+sha-256 verified
OK sub-7_task-categorySL1_eeg.json 481 md5+sha-256 verified
OK sub-7_task-categorySL2_channels.tsv 16899 md5+sha-256 verified
OK sub-5_task-exemplarSL1_eeg.edf 289901824 md5+sha-256 verified
OK sub-7_task-categorySL2_eeg.json 481 md5+sha-256 verified
OK sub-7_task-exemplarSL1_channels.tsv 16899 md5+sha-256 verified
OK sub-5_task-random1_eeg.edf 326324992 md5+sha-256 verified
OK sub-7_task-exemplarSL1_eeg.json 481 md5+sha-256 verified
OK sub-7_task-random1_channels.tsv 16899 md5+sha-256 verified
OK sub-6_task-random1_eeg.edf 325759744 md5+sha-256 verified
OK sub-7_task-random1_eeg.json 477 md5+sha-256 verified
OK sub-8_task-categorySL1_channels.tsv 16745 md5+sha-256 verified
OK sub-6_task-exemplarSL1_eeg.edf 326324992 md5+sha-256 verified
OK sub-8_task-categorySL1_eeg.json 481 md5+sha-256 verified
OK sub-8_task-categorySL2_channels.tsv 16745 md5+sha-256 verified
OK sub-7_task-categorySL1_eeg.edf 332401408 md5+sha-256 verified
OK sub-8_task-categorySL2_eeg.json 481 md5+sha-256 verified
OK sub-8_task-exemplarSL1_channels.tsv 16745 md5+sha-256 verified
OK sub-7_task-exemplarSL1_eeg.edf 299263744 md5+sha-256 verified
OK sub-8_task-exemplarSL1_eeg.json 481 md5+sha-256 verified
OK sub-8_task-random1_channels.tsv 16745 md5+sha-256 verified
OK sub-7_task-categorySL2_eeg.edf 332931328 md5+sha-256 verified
OK sub-8_task-random1_eeg.json 477 md5+sha-256 verified
OK sub-7_task-random1_eeg.edf 332401408 md5+sha-256 verified
OK sub-8_task-categorySL1_eeg.edf 350595328 md5+sha-256 verified
OK sub-8_task-exemplarSL1_eeg.edf 303149824 md5+sha-256 verified
OK sub-8_task-categorySL2_eeg.edf 303149824 md5+sha-256 verified
OK sub-8_task-random1_eeg.edf 324664576 md5+sha-256 verified
